// Jest Snapshot v1, https://goo.gl/fbAQLP

exports[`<Card/> renders the component 1`] = `
<DocumentFragment>
  <div
    class="card"
  >
    <div
      class="number"
    >
      <h5>
        #1
      </h5>
    </div>
    <img
      alt="test"
      class="rounded-circle picture"
      src="http://image.com"
    />
    <h4>
      test
    </h4>
    <div
      class="mb-1"
    >
      <span>
        Height:100 cm.
      </span>
      <span>
        Weight:80 kg.
      </span>
    </div>
    <div>
      <span>
        Type:type 1/type 2
      </span>
    </div>
    <button
      class="mt-3 btn btn-dark"
      type="button"
    >
      View Details
    </button>
  </div>
</DocumentFragment>
`;
